
[2026-09-09 21:52:01.172][INFO] [examples/arc_toos_type_server.c:159] [ToosType] Dummy in-memory database schema and seed data loaded successfully.

[2026-09-09 21:52:01.172][INFO] [src/toos_type_ws.c:28] [ToosType] GameContext initialized for Room 1.

[2026-09-09 21:52:01.172][INFO] [examples/arc_toos_type_server.c:226] [ToosType] Server successfully started and listening on port 8888

[2026-09-09 21:52:30.813][INFO] [examples/arc_toos_type_server.c:43] [ToosType] TCP Connection Accepted (fd: 6). Waiting for JOIN_GAME.

[2026-09-09 21:52:34.752][INFO] [src/toos_type_ws.c:97] [ToosType] Player 1001 added to Room 1 (Slot: 0).

[2026-09-09 21:52:37.559][INFO] [src/toos_type_ws.c:244] [ToosType] Player 1001 is READY.

[2026-09-09 21:53:14.029][INFO] [examples/arc_toos_type_server.c:43] [ToosType] TCP Connection Accepted (fd: 7). Waiting for JOIN_GAME.

[2026-09-09 21:53:15.779][WARN] [src/toos_type_ws.c:67] [ToosType] Duplicate player_id (1001) or connection attempt.

[2026-09-09 21:55:36.169][INFO] [examples/arc_toos_type_server.c:53] [ToosType] Client Disconnected.

[2026-09-09 21:55:37.242][INFO] [examples/arc_toos_type_server.c:43] [ToosType] TCP Connection Accepted (fd: 7). Waiting for JOIN_GAME.

[2026-09-09 21:55:39.130][INFO] [src/toos_type_ws.c:97] [ToosType] Player 1002 added to Room 1 (Slot: 1).

[2026-09-09 21:55:41.089][INFO] [src/toos_type_ws.c:244] [ToosType] Player 1002 is READY.

[2026-09-09 21:55:41.089][INFO] [src/toos_type_ws.c:255] [ToosType] All players ready. Initiating Countdown.

[2026-09-09 21:55:44.125][INFO] [src/toos_type_ws.c:456] [ToosType] Game Started!

[2026-09-09 21:56:44.125][INFO] [src/toos_type_ws.c:484] [ToosType] Game Over via deadline.

[2026-09-09 21:56:54.921][INFO] [src/toos_type_ws.c:119] [ToosType] Player 1001 removed from Room 1.

[2026-09-09 21:56:54.921][INFO] [examples/arc_toos_type_server.c:53] [ToosType] Client Disconnected.

[2026-09-09 21:56:56.768][INFO] [src/toos_type_ws.c:119] [ToosType] Player 1002 removed from Room 1.

[2026-09-09 21:56:56.768][INFO] [examples/arc_toos_type_server.c:53] [ToosType] Client Disconnected.

[2026-09-09 21:56:59.333][INFO] [examples/arc_toos_type_server.c:43] [ToosType] TCP Connection Accepted (fd: 6). Waiting for JOIN_GAME.

[2026-09-09 21:57:14.183][INFO] [examples/arc_toos_type_server.c:43] [ToosType] TCP Connection Accepted (fd: 7). Waiting for JOIN_GAME.

[2026-09-09 21:57:32.874][INFO] [examples/arc_toos_type_server.c:53] [ToosType] Client Disconnected.

[2026-09-09 21:57:36.478][INFO] [examples/arc_toos_type_server.c:43] [ToosType] TCP Connection Accepted (fd: 7). Waiting for JOIN_GAME.

[2026-09-09 21:57:51.363][INFO] [examples/arc_toos_type_server.c:53] [ToosType] Client Disconnected.

[2026-09-09 21:57:53.068][INFO] [examples/arc_toos_type_server.c:53] [ToosType] Client Disconnected.

[2026-09-09 21:57:56.806][INFO] [examples/arc_toos_type_server.c:43] [ToosType] TCP Connection Accepted (fd: 6). Waiting for JOIN_GAME.

[2026-09-09 21:58:04.543][INFO] [examples/arc_toos_type_server.c:43] [ToosType] TCP Connection Accepted (fd: 7). Waiting for JOIN_GAME.

[2026-09-09 21:59:07.017][INFO] [examples/arc_toos_type_server.c:53] [ToosType] Client Disconnected.

[2026-09-09 21:59:10.888][INFO] [examples/arc_toos_type_server.c:53] [ToosType] Client Disconnected.

[2026-09-09 21:59:17.836][INFO] [examples/arc_toos_type_server.c:43] [ToosType] TCP Connection Accepted (fd: 6). Waiting for JOIN_GAME.

[2026-09-09 21:59:30.466][INFO] [examples/arc_toos_type_server.c:43] [ToosType] TCP Connection Accepted (fd: 7). Waiting for JOIN_GAME.

[2026-09-09 22:03:00.356][INFO] [src/toos_type_ws.c:47] [ToosType] GameContext deinitialized.

[2026-09-09 22:03:06.203][INFO] [examples/arc_toos_type_server.c:159] [ToosType] Dummy in-memory database schema and seed data loaded successfully.

[2026-09-09 22:03:06.203][INFO] [src/toos_type_ws.c:28] [ToosType] GameContext initialized for Room 1.

[2026-09-09 22:03:06.203][INFO] [examples/arc_toos_type_server.c:226] [ToosType] Server successfully started and listening on port 8888

[2026-09-09 22:03:20.608][INFO] [examples/arc_toos_type_server.c:43] [ToosType] TCP Connection Accepted (fd: 6). Waiting for JOIN_GAME.

[2026-09-09 22:03:22.194][INFO] [src/toos_type_ws.c:97] [ToosType] Player 1001 added to Room 1 (Slot: 0).

[2026-09-09 22:03:23.138][INFO] [src/toos_type_ws.c:244] [ToosType] Player 1001 is READY.

[2026-09-09 22:03:32.579][INFO] [examples/arc_toos_type_server.c:43] [ToosType] TCP Connection Accepted (fd: 7). Waiting for JOIN_GAME.

[2026-09-09 22:03:33.624][INFO] [src/toos_type_ws.c:97] [ToosType] Player 1003 added to Room 1 (Slot: 1).

[2026-09-09 22:03:35.018][INFO] [src/toos_type_ws.c:244] [ToosType] Player 1003 is READY.

[2026-09-09 22:03:35.019][INFO] [src/toos_type_ws.c:255] [ToosType] All players ready. Initiating Countdown.

[2026-09-09 22:03:38.057][INFO] [src/toos_type_ws.c:456] [ToosType] Game Started!

[2026-09-09 22:04:38.058][INFO] [src/toos_type_ws.c:484] [ToosType] Game Over via deadline.

[2026-09-09 22:05:05.443][INFO] [src/toos_type_ws.c:119] [ToosType] Player 1001 removed from Room 1.

[2026-09-09 22:05:05.443][INFO] [examples/arc_toos_type_server.c:53] [ToosType] Client Disconnected.

[2026-09-09 22:05:09.886][INFO] [examples/arc_toos_type_server.c:43] [ToosType] TCP Connection Accepted (fd: 6). Waiting for JOIN_GAME.

[2026-09-09 22:05:15.675][INFO] [src/toos_type_ws.c:119] [ToosType] Player 1003 removed from Room 1.

[2026-09-09 22:05:15.675][INFO] [examples/arc_toos_type_server.c:53] [ToosType] Client Disconnected.

[2026-09-09 22:05:19.455][INFO] [examples/arc_toos_type_server.c:43] [ToosType] TCP Connection Accepted (fd: 7). Waiting for JOIN_GAME.

[2026-09-09 22:05:31.200][INFO] [examples/arc_toos_type_server.c:53] [ToosType] Client Disconnected.

[2026-09-09 22:07:33.093][INFO] [src/toos_type_ws.c:47] [ToosType] GameContext deinitialized.
